> Task :buildSrc:checkKotlinGradlePluginConfigurationErrors
> Task :buildSrc:compileKotlin UP-TO-DATE
> Task :buildSrc:compileJava NO-SOURCE
> Task :buildSrc:compileGroovy NO-SOURCE
> Task :buildSrc:pluginDescriptors UP-TO-DATE
> Task :buildSrc:processResources UP-TO-DATE
> Task :buildSrc:classes UP-TO-DATE
> Task :buildSrc:jar UP-TO-DATE

> Configure project :TMessagesProj
WARNING: The option setting 'android.defaults.buildfeatures.buildconfig=true' is deprecated.
The current default is 'false'.
It will be removed in version 9.0 of the Android Gradle plugin.
To keep using this feature, add the following to your module-level build.gradle files:
    android.buildFeatures.buildConfig = true
or from Android Studio, click: `Refactor` > `Migrate BuildConfig to Gradle Build Files`.

> Configure project :TMessagesProj_AppHuawei
--W- Build Environment: AGConnect plugin version is: 1.9.1.301, Gradle version is: 8.7, Android Plugin version is: 8.6.1
--I- Using the AGConnect-Config file: /home/kaminarich/Documents/telegram/TMessagesProj_AppHuawei/agconnect-services.json
--W- The variant: afatDebug, Use the json file: /home/kaminarich/Documents/telegram/TMessagesProj_AppHuawei/agconnect-services.json
--I- Using the AGConnect-Config file: /home/kaminarich/Documents/telegram/TMessagesProj_AppHuawei/agconnect-services.json
--W- The variant: afatRelease, Use the json file: /home/kaminarich/Documents/telegram/TMessagesProj_AppHuawei/agconnect-services.json

> Task :TMessagesProj:checkVisibility
> Task :TMessagesProj:preBuild
> Task :TMessagesProj:preDebugBuild
> Task :TMessagesProj_AppStandalone:preBuild UP-TO-DATE
> Task :TMessagesProj_AppStandalone:preAfatDebugBuild UP-TO-DATE
> Task :TMessagesProj:configureCMakeDebug[arm64-v8a]
> Task :TMessagesProj:buildCMakeDebug[arm64-v8a]
> Task :TMessagesProj:configureCMakeDebug[armeabi-v7a]
> Task :TMessagesProj:buildCMakeDebug[armeabi-v7a]
> Task :TMessagesProj:configureCMakeDebug[x86]
> Task :TMessagesProj:buildCMakeDebug[x86]
> Task :TMessagesProj:configureCMakeDebug[x86_64]
> Task :TMessagesProj:buildCMakeDebug[x86_64]
> Task :TMessagesProj_AppStandalone:mergeAfatDebugJniLibFolders UP-TO-DATE
> Task :TMessagesProj:mergeDebugJniLibFolders UP-TO-DATE
> Task :TMessagesProj_AppStandalone:generateAfatDebugBuildConfig UP-TO-DATE
> Task :TMessagesProj_AppStandalone:javaPreCompileAfatDebug UP-TO-DATE
> Task :TMessagesProj_AppStandalone:generateAfatDebugResValues UP-TO-DATE
> Task :TMessagesProj_AppStandalone:processAfatDebugGoogleServices UP-TO-DATE
> Task :TMessagesProj_AppStandalone:generateAfatDebugResources UP-TO-DATE
> Task :TMessagesProj_AppStandalone:createAfatDebugCompatibleScreenManifests UP-TO-DATE
> Task :TMessagesProj_AppStandalone:extractDeepLinksAfatDebug UP-TO-DATE
> Task :TMessagesProj:mergeDebugNativeLibs UP-TO-DATE
> Task :TMessagesProj_AppStandalone:mergeAfatDebugShaders UP-TO-DATE
> Task :TMessagesProj:copyDebugJniLibsProjectOnly UP-TO-DATE
> Task :TMessagesProj:generateDebugBuildConfig UP-TO-DATE
> Task :TMessagesProj:generateDebugResValues UP-TO-DATE
> Task :TMessagesProj:generateDebugResources
> Task :TMessagesProj:processDebugGoogleServices UP-TO-DATE
> Task :TMessagesProj:packageDebugResources
> Task :TMessagesProj:parseDebugLocalResources UP-TO-DATE
> Task :TMessagesProj:generateDebugRFile UP-TO-DATE
> Task :TMessagesProj:javaPreCompileDebug UP-TO-DATE
> Task :TMessagesProj_AppStandalone:mergeAfatDebugNativeLibs

> Task :TMessagesProj:compileDebugJavaWithJavac
/home/kaminarich/Documents/telegram/TMessagesProj/src/main/java/org/telegram/messenger/AndroidUtilities.java:4755: error: cannot find symbol
            final TableView.TableRowFullContent tableRow = tableView.addFullRow(getString(R.string.UseProxyTelegramInfo2));
                                                                                                  ^
  symbol:   variable UseProxyTelegramInfo2
  location: class string
/home/kaminarich/Documents/telegram/TMessagesProj/src/main/java/org/telegram/messenger/AndroidUtilities.java:6698: error: cannot find symbol
            return formatString("TelegramVersion", R.string.TelegramVersion, String.format(Locale.US, "v%s (%d) %s", pInfo.versionName, code, abi));
                                                           ^
  symbol:   variable TelegramVersion
  location: class string
/home/kaminarich/Documents/telegram/TMessagesProj/src/main/java/org/telegram/ui/ChatActivity.java:28779: error: cannot find symbol
                SpannableString link = new SpannableString(LocaleController.getString(R.string.TelegramPremium));
                                                                                              ^
  symbol:   variable TelegramPremium
  location: class string
/home/kaminarich/Documents/telegram/TMessagesProj/src/main/java/org/telegram/ui/Stars/StarGiftSheet.java:8011: error: cannot find symbol
                    textView.setText(AndroidUtilities.replaceTags(formatString(R.string.GiftValueLastTelegram, giftName)));
                                                                                       ^
  symbol:   variable GiftValueLastTelegram
  location: class string
/home/kaminarich/Documents/telegram/TMessagesProj/src/main/java/org/telegram/ui/Stars/StarGiftSheet.java:8090: error: cannot find symbol
                    sb.append(getString(R.string.GiftValueOnSaleTelegram));
                                                ^
  symbol:   variable GiftValueOnSaleTelegram
  location: class string

> Task :TMessagesProj_AppStandalone:stripAfatDebugDebugSymbols

> Task :TMessagesProj:compileDebugJavaWithJavac
/home/kaminarich/Documents/telegram/TMessagesProj/src/main/java/org/telegram/ui/ChatActivity.java:43144: error: cannot find symbol
            options.add(R.drawable.msg_openin, getString(customTabs && !isHashtag ? R.string.OpenInTelegramBrowser : R.string.Open), () -> {
                                                                                            ^
  symbol:   variable OpenInTelegramBrowser
  location: class string
/home/kaminarich/Documents/telegram/TMessagesProj/src/main/java/org/telegram/ui/ChatActivity.java:43600: error: cannot find symbol
                options.add(R.drawable.menu_invit_telegram, getString(R.string.InviteToTelegramShort), () -> {
                                                                              ^
  symbol:   variable InviteToTelegramShort
  location: class string
/home/kaminarich/Documents/telegram/TMessagesProj/src/main/java/org/telegram/ui/ChatActivity.java:43618: error: cannot find symbol
                options.addText(getString(R.string.NumberNotOnTelegram), 13);
                                                  ^
  symbol:   variable NumberNotOnTelegram
  location: class string
/home/kaminarich/Documents/telegram/TMessagesProj/src/main/java/org/telegram/ui/ChatActivity.java:43622: error: cannot find symbol
                    options.add(R.drawable.msg_calls, getString(R.string.VoiceCallViaTelegram), () -> {
                                                                        ^
  symbol:   variable VoiceCallViaTelegram
  location: class string
/home/kaminarich/Documents/telegram/TMessagesProj/src/main/java/org/telegram/ui/ChatActivity.java:43625: error: cannot find symbol
                    options.add(R.drawable.msg_videocall, getString(R.string.VideoCallViaTelegram), () -> {
                                                                            ^
  symbol:   variable VideoCallViaTelegram
  location: class string
/home/kaminarich/Documents/telegram/TMessagesProj/src/main/java/org/telegram/ui/Adapters/DialogsSearchAdapter.java:2008: error: cannot find symbol
                            title = LocaleController.getString(R.string.InviteToTelegramShort);
                                                                       ^
  symbol:   variable InviteToTelegramShort
  location: class string
/home/kaminarich/Documents/telegram/TMessagesProj/src/main/java/org/telegram/ui/web/BotWebViewContainer.java:3775: error: cannot find symbol
                                    LocaleController.getString(R.string.OpenInTelegramBrowser),
                                                                       ^
  symbol:   variable OpenInTelegramBrowser
  location: class string
/home/kaminarich/Documents/telegram/TMessagesProj/src/main/java/org/telegram/ui/CacheControlActivity.java:1685: error: cannot find symbol
                    subtitle[i].setText(LocaleController.getString(R.string.StorageUsageTelegram));
                                                                           ^
  symbol:   variable StorageUsageTelegram
  location: class string
/home/kaminarich/Documents/telegram/TMessagesProj/src/main/java/org/telegram/ui/CacheControlActivity.java:1713: error: cannot find symbol
                    subtitle[1].setText(formatString(R.string.StorageUsageTelegramLess, formatPercent(percent)));
                                                             ^
  symbol:   variable StorageUsageTelegramLess
  location: class string
/home/kaminarich/Documents/telegram/TMessagesProj/src/main/java/org/telegram/ui/CacheControlActivity.java:1715: error: cannot find symbol
                    subtitle[1].setText(formatString(R.string.StorageUsageTelegram, formatPercent(percent)));
                                                             ^
  symbol:   variable StorageUsageTelegram
  location: class string
/home/kaminarich/Documents/telegram/TMessagesProj/src/main/java/org/telegram/ui/ProfileActivity.java:4451: error: cannot find symbol
                Browser.openUrl(getParentActivity(), LocaleController.getString(R.string.TelegramFaqUrl));
                                                                                        ^
  symbol:   variable TelegramFaqUrl
  location: class string
/home/kaminarich/Documents/telegram/TMessagesProj/src/main/java/org/telegram/ui/ProfileActivity.java:7314: error: cannot find symbol
                    o.add(R.drawable.msg_calls, getString(R.string.CallViaTelegram), () -> {
                                                                  ^
  symbol:   variable CallViaTelegram
  location: class string
/home/kaminarich/Documents/telegram/TMessagesProj/src/main/java/org/telegram/ui/ProfileActivity.java:7319: error: cannot find symbol
                        o.add(R.drawable.msg_videocall, getString(R.string.VideoCallViaTelegram), () -> {
                                                                          ^
  symbol:   variable VideoCallViaTelegram
  location: class string
/home/kaminarich/Documents/telegram/TMessagesProj/src/main/java/org/telegram/ui/ProfileActivity.java:13593: error: cannot find symbol
                        textCell.setTextAndIcon(LocaleController.getString(R.string.TelegramFAQ), R.drawable.msg2_help, true);
                                                                                   ^
  symbol:   variable TelegramFAQ
  location: class string
/home/kaminarich/Documents/telegram/TMessagesProj/src/main/java/org/telegram/ui/ProfileActivity.java:13617: error: cannot find symbol
                        textCell.setTextAndIcon(LocaleController.getString(R.string.TelegramPremium), new AnimatedEmojiDrawable.WrapSizeDrawable(PremiumGradient.getInstance().premiumStarMenuDrawable, dp(24), dp(24)), true);
                                                                                   ^
  symbol:   variable TelegramPremium
  location: class string
/home/kaminarich/Documents/telegram/TMessagesProj/src/main/java/org/telegram/ui/ProfileActivity.java:13622: error: cannot find symbol
                        textCell.setTextAndValueAndIcon(LocaleController.getString(R.string.MenuTelegramStars), c.balanceAvailable() && balance > 0 ? StarsIntroActivity.formatStarsAmount(c.getBalance(), 0.85f, ' ') : "", new AnimatedEmojiDrawable.WrapSizeDrawable(PremiumGradient.getInstance().goldenStarMenuDrawable, dp(24), dp(24)), true);
                                                                                           ^
  symbol:   variable MenuTelegramStars
  location: class string
/home/kaminarich/Documents/telegram/TMessagesProj/src/main/java/org/telegram/ui/ProfileActivity.java:13630: error: cannot find symbol
                        textCell.setTextAndIcon(LocaleController.getString(R.string.TelegramBusiness), R.drawable.menu_shop, true);
                                                                                   ^
  symbol:   variable TelegramBusiness
  location: class string
/home/kaminarich/Documents/telegram/TMessagesProj/src/main/java/org/telegram/ui/ProfileActivity.java:14420: error: cannot find symbol
                    isPremiumFeatureAvailable(currentAccount, -1) ? new SearchResult(800, getString(R.string.TelegramPremium), R.drawable.msg_settings_premium, () -> f.presentFragment(new PremiumPreviewFragment("settings"))) : null,
                                                                                                            ^
  symbol:   variable TelegramPremium
  location: class string
/home/kaminarich/Documents/telegram/TMessagesProj/src/main/java/org/telegram/ui/ProfileActivity.java:14421: error: cannot find symbol
                    isPremiumFeatureAvailable(currentAccount, PremiumPreviewFragment.PREMIUM_FEATURE_LIMITS) ? new SearchResult(801, getString(R.string.PremiumPreviewLimits), getString(R.string.TelegramPremium), R.drawable.msg_settings_premium, () -> f.showDialog(new PremiumFeatureBottomSheet(f, PremiumPreviewFragment.PREMIUM_FEATURE_LIMITS, false).setForceAbout())) : null,
                                                                                                                                                                                                 ^
  symbol:   variable TelegramPremium
  location: class string
/home/kaminarich/Documents/telegram/TMessagesProj/src/main/java/org/telegram/ui/ProfileActivity.java:14422: error: cannot find symbol
                    isPremiumFeatureAvailable(currentAccount, PremiumPreviewFragment.PREMIUM_FEATURE_ANIMATED_EMOJI) ? new SearchResult(802, getString(R.string.PremiumPreviewEmoji), getString(R.string.TelegramPremium), R.drawable.msg_settings_premium, () -> f.showDialog(new PremiumFeatureBottomSheet(f, PremiumPreviewFragment.PREMIUM_FEATURE_ANIMATED_EMOJI, false).setForceAbout())) : null,
                                                                                                                                                                                                        ^
  symbol:   variable TelegramPremium
  location: class string
/home/kaminarich/Documents/telegram/TMessagesProj/src/main/java/org/telegram/ui/ProfileActivity.java:14423: error: cannot find symbol
                    isPremiumFeatureAvailable(currentAccount, PremiumPreviewFragment.PREMIUM_FEATURE_UPLOAD_LIMIT) ? new SearchResult(803, getString(R.string.PremiumPreviewUploads), getString(R.string.TelegramPremium), R.drawable.msg_settings_premium, () -> f.showDialog(new PremiumFeatureBottomSheet(f, PremiumPreviewFragment.PREMIUM_FEATURE_UPLOAD_LIMIT, false).setForceAbout())) : null,
                                                                                                                                                                                                        ^
  symbol:   variable TelegramPremium
  location: class string
/home/kaminarich/Documents/telegram/TMessagesProj/src/main/java/org/telegram/ui/ProfileActivity.java:14424: error: cannot find symbol
                    isPremiumFeatureAvailable(currentAccount, PremiumPreviewFragment.PREMIUM_FEATURE_DOWNLOAD_SPEED) ? new SearchResult(804, getString(R.string.PremiumPreviewDownloadSpeed), getString(R.string.TelegramPremium), R.drawable.msg_settings_premium, () -> f.showDialog(new PremiumFeatureBottomSheet(f, PremiumPreviewFragment.PREMIUM_FEATURE_DOWNLOAD_SPEED, false).setForceAbout())) : null,
                                                                                                                                                                                                                ^
  symbol:   variable TelegramPremium
  location: class string
/home/kaminarich/Documents/telegram/TMessagesProj/src/main/java/org/telegram/ui/ProfileActivity.java:14425: error: cannot find symbol
                    isPremiumFeatureAvailable(currentAccount, PremiumPreviewFragment.PREMIUM_FEATURE_VOICE_TO_TEXT) ? new SearchResult(805, getString(R.string.PremiumPreviewVoiceToText), getString(R.string.TelegramPremium), R.drawable.msg_settings_premium, () -> f.showDialog(new PremiumFeatureBottomSheet(f, PremiumPreviewFragment.PREMIUM_FEATURE_VOICE_TO_TEXT, false).setForceAbout())) : null,
                                                                                                                                                                                                             ^
  symbol:   variable TelegramPremium
  location: class string
/home/kaminarich/Documents/telegram/TMessagesProj/src/main/java/org/telegram/ui/ProfileActivity.java:14426: error: cannot find symbol
                    isPremiumFeatureAvailable(currentAccount, PremiumPreviewFragment.PREMIUM_FEATURE_ADS) ? new SearchResult(806, getString(R.string.PremiumPreviewNoAds), getString(R.string.TelegramPremium), R.drawable.msg_settings_premium, () -> f.showDialog(new PremiumFeatureBottomSheet(f, PremiumPreviewFragment.PREMIUM_FEATURE_ADS, false).setForceAbout())) : null,
                                                                                                                                                                                             ^
  symbol:   variable TelegramPremium
  location: class string
/home/kaminarich/Documents/telegram/TMessagesProj/src/main/java/org/telegram/ui/ProfileActivity.java:14427: error: cannot find symbol
                    isPremiumFeatureAvailable(currentAccount, PremiumPreviewFragment.PREMIUM_FEATURE_REACTIONS) ? new SearchResult(807, getString(R.string.PremiumPreviewReactions), getString(R.string.TelegramPremium), R.drawable.msg_settings_premium, () -> f.showDialog(new PremiumFeatureBottomSheet(f, PremiumPreviewFragment.PREMIUM_FEATURE_REACTIONS, false).setForceAbout())) : null,
                                                                                                                                                                                                       ^
  symbol:   variable TelegramPremium
  location: class string
/home/kaminarich/Documents/telegram/TMessagesProj/src/main/java/org/telegram/ui/ProfileActivity.java:14428: error: cannot find symbol
                    isPremiumFeatureAvailable(currentAccount, PremiumPreviewFragment.PREMIUM_FEATURE_STICKERS) ? new SearchResult(808, getString(R.string.PremiumPreviewStickers), getString(R.string.TelegramPremium), R.drawable.msg_settings_premium, () -> f.showDialog(new PremiumFeatureBottomSheet(f, PremiumPreviewFragment.PREMIUM_FEATURE_STICKERS, false).setForceAbout())) : null,
                                                                                                                                                                                                     ^
  symbol:   variable TelegramPremium
  location: class string
/home/kaminarich/Documents/telegram/TMessagesProj/src/main/java/org/telegram/ui/ProfileActivity.java:14429: error: cannot find symbol
                    isPremiumFeatureAvailable(currentAccount, PremiumPreviewFragment.PREMIUM_FEATURE_ADVANCED_CHAT_MANAGEMENT) ? new SearchResult(809, getString(R.string.PremiumPreviewAdvancedChatManagement), getString(R.string.TelegramPremium), R.drawable.msg_settings_premium, () -> f.showDialog(new PremiumFeatureBottomSheet(f, PremiumPreviewFragment.PREMIUM_FEATURE_ADVANCED_CHAT_MANAGEMENT, false).setForceAbout())) : null,
                                                                                                                                                                                                                                   ^
  symbol:   variable TelegramPremium
  location: class string
/home/kaminarich/Documents/telegram/TMessagesProj/src/main/java/org/telegram/ui/ProfileActivity.java:14430: error: cannot find symbol
                    isPremiumFeatureAvailable(currentAccount, PremiumPreviewFragment.PREMIUM_FEATURE_PROFILE_BADGE) ? new SearchResult(810, getString(R.string.PremiumPreviewProfileBadge), getString(R.string.TelegramPremium), R.drawable.msg_settings_premium, () -> f.showDialog(new PremiumFeatureBottomSheet(f, PremiumPreviewFragment.PREMIUM_FEATURE_PROFILE_BADGE, false).setForceAbout())) : null,
                                                                                                                                                                                                              ^
  symbol:   variable TelegramPremium
  location: class string
/home/kaminarich/Documents/telegram/TMessagesProj/src/main/java/org/telegram/ui/ProfileActivity.java:14431: error: cannot find symbol
                    isPremiumFeatureAvailable(currentAccount, PremiumPreviewFragment.PREMIUM_FEATURE_ANIMATED_AVATARS) ? new SearchResult(811, getString(R.string.PremiumPreviewAnimatedProfiles), getString(R.string.TelegramPremium), R.drawable.msg_settings_premium, () -> f.showDialog(new PremiumFeatureBottomSheet(f, PremiumPreviewFragment.PREMIUM_FEATURE_ANIMATED_AVATARS, false).setForceAbout())) : null,
                                                                                                                                                                                                                     ^
  symbol:   variable TelegramPremium
  location: class string
/home/kaminarich/Documents/telegram/TMessagesProj/src/main/java/org/telegram/ui/ProfileActivity.java:14432: error: cannot find symbol
                    isPremiumFeatureAvailable(currentAccount, PremiumPreviewFragment.PREMIUM_FEATURE_APPLICATION_ICONS) ? new SearchResult(812, getString(R.string.PremiumPreviewAppIcon), getString(R.string.TelegramPremium), R.drawable.msg_settings_premium, () -> f.showDialog(new PremiumFeatureBottomSheet(f, PremiumPreviewFragment.PREMIUM_FEATURE_APPLICATION_ICONS, false).setForceAbout())) : null,
                                                                                                                                                                                                             ^
  symbol:   variable TelegramPremium
  location: class string
/home/kaminarich/Documents/telegram/TMessagesProj/src/main/java/org/telegram/ui/ProfileActivity.java:14433: error: cannot find symbol
                    isPremiumFeatureAvailable(currentAccount, PremiumPreviewFragment.PREMIUM_FEATURE_EMOJI_STATUS) ? new SearchResult(813, getString(R.string.PremiumPreviewEmojiStatus), getString(R.string.TelegramPremium), R.drawable.msg_settings_premium, () -> f.showDialog(new PremiumFeatureBottomSheet(f, PremiumPreviewFragment.PREMIUM_FEATURE_EMOJI_STATUS, false).setForceAbout())) : null,
                                                                                                                                                                                                            ^
  symbol:   variable TelegramPremium
  location: class string
/home/kaminarich/Documents/telegram/TMessagesProj/src/main/java/org/telegram/ui/ProfileActivity.java:14537: error: cannot find symbol
                    new SearchResult(403, getString(R.string.TelegramFAQ), getString(R.string.SettingsHelp), R.drawable.msg2_help, () -> Browser.openUrl(f.getParentActivity(), getString(R.string.TelegramFaqUrl))).withLink("tg://settings/faq"),
                                                            ^
  symbol:   variable TelegramFAQ
  location: class string
/home/kaminarich/Documents/telegram/TMessagesProj/src/main/java/org/telegram/ui/ProfileActivity.java:14537: error: cannot find symbol
                    new SearchResult(403, getString(R.string.TelegramFAQ), getString(R.string.SettingsHelp), R.drawable.msg2_help, () -> Browser.openUrl(f.getParentActivity(), getString(R.string.TelegramFaqUrl))).withLink("tg://settings/faq"),
                                                                                                                                                                                                  ^
  symbol:   variable TelegramFaqUrl
  location: class string
/home/kaminarich/Documents/telegram/TMessagesProj/src/main/java/org/telegram/ui/ProfileActivity.java:14560: error: cannot find symbol
            req2.url = LocaleController.getString(R.string.TelegramFaqUrl);
                                                          ^
  symbol:   variable TelegramFaqUrl
  location: class string
/home/kaminarich/Documents/telegram/TMessagesProj/src/main/java/org/telegram/ui/Components/AlertsCreator.java:1352: error: cannot find symbol
            arrayList.add(LocaleController.getString(R.string.MapPreviewProviderTelegram));
                                                             ^
  symbol:   variable MapPreviewProviderTelegram
  location: class string

> Task :TMessagesProj_AppStandalone:extractAfatDebugNativeDebugMetadata

> Task :TMessagesProj:compileDebugJavaWithJavac
/home/kaminarich/Documents/telegram/TMessagesProj/src/main/java/org/telegram/ui/Stars/StarsIntroActivity.java:295: error: cannot find symbol
        configureHeader(getString(R.string.TelegramStars), AndroidUtilities.replaceArrows(AndroidUtilities.replaceSingleTag(getString(R.string.TelegramStarsInfo2), () -> {
                                          ^
  symbol:   variable TelegramStars
  location: class string
/home/kaminarich/Documents/telegram/TMessagesProj/src/main/java/org/telegram/ui/Stars/StarsIntroActivity.java:295: error: cannot find symbol
        configureHeader(getString(R.string.TelegramStars), AndroidUtilities.replaceArrows(AndroidUtilities.replaceSingleTag(getString(R.string.TelegramStarsInfo2), () -> {
                                                                                                                                              ^
  symbol:   variable TelegramStarsInfo2
  location: class string
/home/kaminarich/Documents/telegram/TMessagesProj/src/main/java/org/telegram/ui/Stars/StarsIntroActivity.java:405: error: cannot find symbol
        sb2.append(LocaleController.getString(R.string.TelegramStarsGift));
                                                      ^
  symbol:   variable TelegramStarsGift
  location: class string
/home/kaminarich/Documents/telegram/TMessagesProj/src/main/java/org/telegram/ui/Stars/StarsIntroActivity.java:2563: error: cannot find symbol
            items.add(UItem.asHeader(getString(R.string.TelegramStarsChoose)));
                                                       ^
  symbol:   variable TelegramStarsChoose
  location: class string
/home/kaminarich/Documents/telegram/TMessagesProj/src/main/java/org/telegram/ui/Stars/StarsIntroActivity.java:2829: error: cannot find symbol
            items.add(UItem.asHeader(getString(R.string.TelegramStarsChoose)));
                                                       ^
  symbol:   variable TelegramStarsChoose
  location: class string
/home/kaminarich/Documents/telegram/TMessagesProj/src/main/java/org/telegram/ui/Stars/StarsIntroActivity.java:2852: error: cannot find symbol
                    items.add(UItem.asHeader(getString(R.string.TelegramStarsChoose)));
                                                               ^
  symbol:   variable TelegramStarsChoose
  location: class string
/home/kaminarich/Documents/telegram/TMessagesProj/src/main/java/org/telegram/ui/Stars/StarsIntroActivity.java:3114: error: cannot find symbol
            items.add(UItem.asHeader(getString(R.string.TelegramStarsChoose)));
                                                       ^
  symbol:   variable TelegramStarsChoose
  location: class string
/home/kaminarich/Documents/telegram/TMessagesProj/src/main/java/org/telegram/ui/LaunchActivity.java:7080: error: cannot find symbol
                    builder.setTitle(LocaleController.getString(R.string.TelegramPremium));
                                                                        ^
  symbol:   variable TelegramPremium
  location: class string
/home/kaminarich/Documents/telegram/TMessagesProj/src/main/java/org/telegram/ui/LaunchActivity.java:7087: error: cannot find symbol
                builder.setMessage(LocaleController.getString(R.string.UseProxyTelegramError));
                                                                      ^
  symbol:   variable UseProxyTelegramError
  location: class string
/home/kaminarich/Documents/telegram/TMessagesProj/src/main/java/org/telegram/ui/PremiumPreviewFragment.java:1019: error: cannot find symbol
        premiumFeatures.add(new PremiumFeatureData(PREMIUM_FEATURE_BUSINESS, R.drawable.filled_premium_business, getString(R.string.TelegramBusiness), getString(R.string.PremiumPreviewBusinessDescription)));
                                                                                                                                   ^
  symbol:   variable TelegramBusiness
  location: class string
/home/kaminarich/Documents/telegram/TMessagesProj/src/main/java/org/telegram/ui/PremiumPreviewFragment.java:2062: error: reference to getString is ambiguous
                titleView.setText(getString(forcePremium ? R.string.TelegramPremiumSubscribedTitle : R.string.TelegramPremium));
                                  ^
  both method getString(String) in LocaleController and method getString(int) in LocaleController match
/home/kaminarich/Documents/telegram/TMessagesProj/src/main/java/org/telegram/ui/PremiumPreviewFragment.java:2062: error: cannot find symbol
                titleView.setText(getString(forcePremium ? R.string.TelegramPremiumSubscribedTitle : R.string.TelegramPremium));
                                                                   ^
  symbol:   variable TelegramPremiumSubscribedTitle
  location: class string
/home/kaminarich/Documents/telegram/TMessagesProj/src/main/java/org/telegram/ui/PremiumPreviewFragment.java:2062: error: cannot find symbol
                titleView.setText(getString(forcePremium ? R.string.TelegramPremiumSubscribedTitle : R.string.TelegramPremium));
                                                                                                             ^
  symbol:   variable TelegramPremium
  location: class string
/home/kaminarich/Documents/telegram/TMessagesProj/src/main/java/org/telegram/ui/PremiumPreviewFragment.java:2063: error: reference to getString is ambiguous
                subtitleView.setText(AndroidUtilities.replaceTags(getString(getUserConfig().isPremium() || forcePremium ? R.string.TelegramPremiumSubscribedSubtitle : R.string.TelegramPremiumSubtitle)));
                                                                  ^
  both method getString(String) in LocaleController and method getString(int) in LocaleController match
/home/kaminarich/Documents/telegram/TMessagesProj/src/main/java/org/telegram/ui/PremiumPreviewFragment.java:2063: error: cannot find symbol
                subtitleView.setText(AndroidUtilities.replaceTags(getString(getUserConfig().isPremium() || forcePremium ? R.string.TelegramPremiumSubscribedSubtitle : R.string.TelegramPremiumSubtitle)));
                                                                                                                                  ^
  symbol:   variable TelegramPremiumSubscribedSubtitle
  location: class string
/home/kaminarich/Documents/telegram/TMessagesProj/src/main/java/org/telegram/ui/PremiumPreviewFragment.java:2063: error: cannot find symbol
                subtitleView.setText(AndroidUtilities.replaceTags(getString(getUserConfig().isPremium() || forcePremium ? R.string.TelegramPremiumSubscribedSubtitle : R.string.TelegramPremiumSubtitle)));
                                                                                                                                                                               ^
  symbol:   variable TelegramPremiumSubtitle
  location: class string
/home/kaminarich/Documents/telegram/TMessagesProj/src/main/java/org/telegram/ui/PremiumPreviewFragment.java:2065: error: reference to getString is ambiguous
                titleView.setText(getString(forcePremium ? R.string.TelegramPremiumSubscribedTitle : R.string.TelegramBusiness));
                                  ^
  both method getString(String) in LocaleController and method getString(int) in LocaleController match
/home/kaminarich/Documents/telegram/TMessagesProj/src/main/java/org/telegram/ui/PremiumPreviewFragment.java:2065: error: cannot find symbol
                titleView.setText(getString(forcePremium ? R.string.TelegramPremiumSubscribedTitle : R.string.TelegramBusiness));
                                                                   ^
  symbol:   variable TelegramPremiumSubscribedTitle
  location: class string
/home/kaminarich/Documents/telegram/TMessagesProj/src/main/java/org/telegram/ui/PremiumPreviewFragment.java:2065: error: cannot find symbol
                titleView.setText(getString(forcePremium ? R.string.TelegramPremiumSubscribedTitle : R.string.TelegramBusiness));
                                                                                                             ^
  symbol:   variable TelegramBusiness
  location: class string
/home/kaminarich/Documents/telegram/TMessagesProj/src/main/java/org/telegram/ui/PremiumPreviewFragment.java:2066: error: reference to getString is ambiguous
                subtitleView.setText(AndroidUtilities.replaceTags(getString(getUserConfig().isPremium() || forcePremium ? R.string.TelegramBusinessSubscribedSubtitleTemp : R.string.TelegramBusinessSubtitleTemp)));
                                                                  ^
  both method getString(String) in LocaleController and method getString(int) in LocaleController match
/home/kaminarich/Documents/telegram/TMessagesProj/src/main/java/org/telegram/ui/PremiumPreviewFragment.java:2066: error: cannot find symbol
                subtitleView.setText(AndroidUtilities.replaceTags(getString(getUserConfig().isPremium() || forcePremium ? R.string.TelegramBusinessSubscribedSubtitleTemp : R.string.TelegramBusinessSubtitleTemp)));
                                                                                                                                  ^
  symbol:   variable TelegramBusinessSubscribedSubtitleTemp
  location: class string
/home/kaminarich/Documents/telegram/TMessagesProj/src/main/java/org/telegram/ui/PremiumPreviewFragment.java:2066: error: cannot find symbol
                subtitleView.setText(AndroidUtilities.replaceTags(getString(getUserConfig().isPremium() || forcePremium ? R.string.TelegramBusinessSubscribedSubtitleTemp : R.string.TelegramBusinessSubtitleTemp)));
                                                                                                                                                                                    ^
  symbol:   variable TelegramBusinessSubtitleTemp
  location: class string
/home/kaminarich/Documents/telegram/TMessagesProj/src/main/java/org/telegram/ui/Components/BlockingUpdateView.java:97: error: cannot find symbol
        titleTextView.setText(LocaleController.getString(R.string.UpdateTelegram));
                                                                 ^
  symbol:   variable UpdateTelegram
  location: class string
/home/kaminarich/Documents/telegram/TMessagesProj/src/main/java/org/telegram/ui/Gifts/GiftSheet.java:1444: error: cannot find symbol
            subtitleView.setText(getString(R.string.TelegramPremiumShort));
                                                   ^
  symbol:   variable TelegramPremiumShort
  location: class string
/home/kaminarich/Documents/telegram/TMessagesProj/src/main/java/org/telegram/ui/Components/Premium/GiftPremiumBottomSheet.java:375: error: cannot find symbol
        return LocaleController.getString(R.string.GiftTelegramPremiumTitle);
                                                  ^
  symbol:   variable GiftTelegramPremiumTitle
  location: class string
/home/kaminarich/Documents/telegram/TMessagesProj/src/main/java/org/telegram/ui/Components/Premium/PremiumFeatureBottomSheet.java:336: error: cannot find symbol
                    actionBar.setTitle(LocaleController.getString(R.string.TelegramBusiness));
                                                                          ^
  symbol:   variable TelegramBusiness
  location: class string
/home/kaminarich/Documents/telegram/TMessagesProj/src/main/java/org/telegram/ui/Components/Premium/PremiumFeatureBottomSheet.java:567: error: cannot find symbol
            premiumButtonView.buttonTextView.setText(LocaleController.getString(R.string.AboutTelegramPremium));
                                                                                        ^
  symbol:   variable AboutTelegramPremium
  location: class string
/home/kaminarich/Documents/telegram/TMessagesProj/src/main/java/org/telegram/ui/Components/Premium/PremiumFeatureBottomSheet.java:576: error: cannot find symbol
                premiumButtonView.buttonTextView.setText(LocaleController.getString(R.string.AboutTelegramPremium));
                                                                                            ^
  symbol:   variable AboutTelegramPremium
  location: class string
/home/kaminarich/Documents/telegram/TMessagesProj/src/main/java/org/telegram/ui/Components/Premium/PremiumFeatureBottomSheet.java:637: error: cannot find symbol
            actionBar.setTitle(LocaleController.getString(R.string.TelegramBusiness));
                                                                  ^
  symbol:   variable TelegramBusiness
  location: class string

> Task :TMessagesProj_AppStandalone:mergeAfatDebugNativeDebugMetadata

> Task :TMessagesProj:compileDebugJavaWithJavac
/home/kaminarich/Documents/telegram/TMessagesProj/src/main/java/org/telegram/ui/Adapters/SearchAdapter.java:488: error: cannot find symbol
                    cell.setText(LocaleController.getString(R.string.InviteToTelegramShort));
                                                                    ^
  symbol:   variable InviteToTelegramShort
  location: class string
/home/kaminarich/Documents/telegram/TMessagesProj/src/main/java/org/telegram/ui/LinkManager.java:1213: error: cannot find symbol
            Browser.openUrl(activity, LocaleController.getString(R.string.TelegramFaqUrl));
                                                                         ^
  symbol:   variable TelegramFaqUrl
  location: class string
/home/kaminarich/Documents/telegram/TMessagesProj/src/main/java/org/telegram/ui/LinkManager.java:1217: error: cannot find symbol
            Browser.openUrl(activity, LocaleController.getString(R.string.TelegramFeaturesUrl));
                                                                         ^
  symbol:   variable TelegramFeaturesUrl
  location: class string
/home/kaminarich/Documents/telegram/TMessagesProj/src/main/java/org/telegram/ui/Components/StorageUsageView.java:220: error: cannot find symbol
                textSettingsCell.setTextAndValue(LocaleController.getString(R.string.ClearTelegramCache), AndroidUtilities.formatFileSize(totalSize), true);
                                                                                    ^
  symbol:   variable ClearTelegramCache
  location: class string
/home/kaminarich/Documents/telegram/TMessagesProj/src/main/java/org/telegram/ui/Components/StorageUsageView.java:221: error: cannot find symbol
                telegramCacheTextView.setText(LocaleController.formatString("TelegramCacheSize", R.string.TelegramCacheSize, AndroidUtilities.formatFileSize(totalSize + database)));
                                                                                                         ^
  symbol:   variable TelegramCacheSize
  location: class string
/home/kaminarich/Documents/telegram/TMessagesProj/src/main/java/org/telegram/ui/Components/Premium/FeaturesPageView.java:352: error: cannot find symbol
                textView.setText(LocaleController.getString(R.string.TelegramBusiness));
                                                                    ^
  symbol:   variable TelegramBusiness
  location: class string
/home/kaminarich/Documents/telegram/TMessagesProj/src/main/java/org/telegram/ui/Components/Premium/FeaturesPageView.java:359: error: cannot find symbol
                textView.setText(LocaleController.getString(R.string.TelegramBusinessSubtitle2));
                                                                    ^
  symbol:   variable TelegramBusinessSubtitle2
  location: class string
/home/kaminarich/Documents/telegram/TMessagesProj/src/main/java/org/telegram/ui/Components/Premium/PremiumGiftHeaderCell.java:94: error: cannot find symbol
        titleView.setText(AndroidUtilities.replaceTags(LocaleController.getString(R.string.GiftTelegramPremiumTitle)));
                                                                                          ^
  symbol:   variable GiftTelegramPremiumTitle
  location: class string
/home/kaminarich/Documents/telegram/TMessagesProj/src/main/java/org/telegram/ui/Components/Premium/PremiumGiftHeaderCell.java:95: error: cannot find symbol
        subtitleView.setText(AndroidUtilities.replaceTags(LocaleController.formatString(R.string.GiftTelegramPremiumDescription, user.first_name)));
                                                                                                ^
  symbol:   variable GiftTelegramPremiumDescription
  location: class string
/home/kaminarich/Documents/telegram/TMessagesProj/src/main/java/org/telegram/ui/Components/Premium/PremiumPreviewBottomSheet.java:307: error: cannot find symbol
            titleView[0].setText(AndroidUtilities.replaceSingleTag(LocaleController.formatString(R.string.TelegramPremiumUserStatusCollectibleDialogTitle, DialogObject.getShortName(user), collectionName), () -> {
                                                                                                         ^
  symbol:   variable TelegramPremiumUserStatusCollectibleDialogTitle
  location: class string
/home/kaminarich/Documents/telegram/TMessagesProj/src/main/java/org/telegram/ui/Components/Premium/PremiumPreviewBottomSheet.java:310: error: cannot find symbol
            subtitleView.setText(AndroidUtilities.replaceTags(LocaleController.getString(R.string.TelegramPremiumUserStatusDialogSubtitle)));
                                                                                                 ^
  symbol:   variable TelegramPremiumUserStatusDialogSubtitle
  location: class string
/home/kaminarich/Documents/telegram/TMessagesProj/src/main/java/org/telegram/ui/Components/Premium/PremiumPreviewBottomSheet.java:313: error: cannot find symbol
            String string = LocaleController.formatString(R.string.TelegramPremiumUserStatusDialogTitle, ContactsController.formatName(user.first_name, user.last_name), stickerSetPlaceholder);
                                                                  ^
  symbol:   variable TelegramPremiumUserStatusDialogTitle
  location: class string
/home/kaminarich/Documents/telegram/TMessagesProj/src/main/java/org/telegram/ui/Components/Premium/PremiumPreviewBottomSheet.java:405: error: cannot find symbol
            subtitleView.setText(AndroidUtilities.replaceTags(LocaleController.getString(R.string.TelegramPremiumUserStatusDialogSubtitle)));
                                                                                                 ^
  symbol:   variable TelegramPremiumUserStatusDialogSubtitle
  location: class string
/home/kaminarich/Documents/telegram/TMessagesProj/src/main/java/org/telegram/ui/Components/Premium/PremiumPreviewBottomSheet.java:407: error: cannot find symbol
            titleView[0].setText(AndroidUtilities.replaceTags(LocaleController.formatString(R.string.TelegramPremiumUserStatusDefaultDialogTitle, ContactsController.formatName(user.first_name, user.last_name))));
                                                                                                    ^
  symbol:   variable TelegramPremiumUserStatusDefaultDialogTitle
  location: class string
/home/kaminarich/Documents/telegram/TMessagesProj/src/main/java/org/telegram/ui/Components/Premium/PremiumPreviewBottomSheet.java:408: error: cannot find symbol
            subtitleView.setText(AndroidUtilities.replaceTags(LocaleController.formatString(R.string.TelegramPremiumUserStatusDialogSubtitle, ContactsController.formatName(user.first_name, user.last_name))));
                                                                                                    ^
  symbol:   variable TelegramPremiumUserStatusDialogSubtitle
  location: class string
/home/kaminarich/Documents/telegram/TMessagesProj/src/main/java/org/telegram/ui/Components/Premium/PremiumPreviewBottomSheet.java:411: error: cannot find symbol
                titleView[0].setText(AndroidUtilities.replaceSingleLink(LocaleController.formatString(R.string.TelegramPremiumUserGiftedPremiumOutboundDialogTitleWithPlural, user != null ? user.first_name : "", LocaleController.formatPluralString("GiftMonths", giftTier.getMonths())), accentColor == null ? getThemedColor(Theme.key_windowBackgroundWhiteBlueButton) : accentColor));
                                                                                                              ^
  symbol:   variable TelegramPremiumUserGiftedPremiumOutboundDialogTitleWithPlural
  location: class string
/home/kaminarich/Documents/telegram/TMessagesProj/src/main/java/org/telegram/ui/Components/Premium/PremiumPreviewBottomSheet.java:412: error: cannot find symbol
                subtitleView.setText(AndroidUtilities.replaceSingleLink(LocaleController.formatString(R.string.TelegramPremiumUserGiftedPremiumOutboundDialogSubtitle, user != null ? user.first_name : ""), accentColor == null ? getThemedColor(Theme.key_windowBackgroundWhiteBlueButton) : accentColor));
                                                                                                              ^
  symbol:   variable TelegramPremiumUserGiftedPremiumOutboundDialogSubtitle
  location: class string
/home/kaminarich/Documents/telegram/TMessagesProj/src/main/java/org/telegram/ui/Components/Premium/PremiumPreviewBottomSheet.java:414: error: cannot find symbol
                titleView[0].setText(AndroidUtilities.replaceSingleLink(LocaleController.formatString(R.string.TelegramPremiumUserGiftedPremiumDialogTitleWithPluralSomeone, LocaleController.formatPluralString("GiftMonths", giftTier.getMonths())), accentColor == null ? getThemedColor(Theme.key_windowBackgroundWhiteBlueButton) : accentColor));
                                                                                                              ^
  symbol:   variable TelegramPremiumUserGiftedPremiumDialogTitleWithPluralSomeone
  location: class string
/home/kaminarich/Documents/telegram/TMessagesProj/src/main/java/org/telegram/ui/Components/Premium/PremiumPreviewBottomSheet.java:415: error: cannot find symbol
                subtitleView.setText(AndroidUtilities.replaceTags(LocaleController.getString(R.string.TelegramPremiumUserGiftedPremiumDialogSubtitle)));
                                                                                                     ^
  symbol:   variable TelegramPremiumUserGiftedPremiumDialogSubtitle
  location: class string
/home/kaminarich/Documents/telegram/TMessagesProj/src/main/java/org/telegram/ui/Components/Premium/PremiumPreviewBottomSheet.java:417: error: cannot find symbol
                titleView[0].setText(AndroidUtilities.replaceSingleLink(LocaleController.formatString(R.string.TelegramPremiumUserGiftedPremiumDialogTitleWithPlural, user.first_name, LocaleController.formatPluralString("GiftMonths", giftTier.getMonths())), accentColor == null ? getThemedColor(Theme.key_windowBackgroundWhiteBlueButton) : accentColor));
                                                                                                              ^
  symbol:   variable TelegramPremiumUserGiftedPremiumDialogTitleWithPlural
  location: class string
/home/kaminarich/Documents/telegram/TMessagesProj/src/main/java/org/telegram/ui/Components/Premium/PremiumPreviewBottomSheet.java:418: error: cannot find symbol
                subtitleView.setText(AndroidUtilities.replaceTags(LocaleController.getString(R.string.TelegramPremiumUserGiftedPremiumDialogSubtitle)));
                                                                                                     ^
  symbol:   variable TelegramPremiumUserGiftedPremiumDialogSubtitle
  location: class string
/home/kaminarich/Documents/telegram/TMessagesProj/src/main/java/org/telegram/ui/Components/Premium/PremiumPreviewBottomSheet.java:431: error: cannot find symbol
                titleView[0].setText(LocaleController.getString(R.string.TelegramPremium));
                                                                        ^
  symbol:   variable TelegramPremium
  location: class string
/home/kaminarich/Documents/telegram/TMessagesProj/src/main/java/org/telegram/ui/Components/Premium/PremiumPreviewBottomSheet.java:432: error: cannot find symbol
                subtitleView.setText(AndroidUtilities.replaceTags(LocaleController.getString(R.string.TelegramPremiumSubscribedSubtitle)));
                                                                                                     ^
  symbol:   variable TelegramPremiumSubscribedSubtitle
  location: class string
/home/kaminarich/Documents/telegram/TMessagesProj/src/main/java/org/telegram/ui/Components/Premium/PremiumPreviewBottomSheet.java:434: error: cannot find symbol
                titleView[0].setText(AndroidUtilities.replaceSingleLink(LocaleController.formatString(R.string.TelegramPremiumUserDialogTitle, ContactsController.formatName(user.first_name, user.last_name)), accentColor == null ? getThemedColor(Theme.key_windowBackgroundWhiteBlueButton) : accentColor));
                                                                                                              ^
  symbol:   variable TelegramPremiumUserDialogTitle
  location: class string
/home/kaminarich/Documents/telegram/TMessagesProj/src/main/java/org/telegram/ui/Components/Premium/PremiumPreviewBottomSheet.java:435: error: cannot find symbol
                subtitleView.setText(AndroidUtilities.replaceTags(LocaleController.getString(R.string.TelegramPremiumUserDialogSubtitle)));
                                                                                                     ^
  symbol:   variable TelegramPremiumUserDialogSubtitle
  location: class string
/home/kaminarich/Documents/telegram/TMessagesProj/src/main/java/org/telegram/ui/Components/Premium/PremiumPreviewBottomSheet.java:445: error: cannot find symbol
        return LocaleController.getString(R.string.TelegramPremium);
                                                  ^
  symbol:   variable TelegramPremium
  location: class string
/home/kaminarich/Documents/telegram/TMessagesProj/src/main/java/org/telegram/ui/Components/Premium/boosts/cells/TableCell.java:226: error: cannot find symbol
        giftTextView.setText(LocaleController.formatString("BoostingTelegramPremiumFor", R.string.BoostingTelegramPremiumFor, monthsStr));
                                                                                                 ^
  symbol:   variable BoostingTelegramPremiumFor
  location: class string
/home/kaminarich/Documents/telegram/TMessagesProj/src/main/java/org/telegram/ui/Components/Premium/boosts/UserSelectorBottomSheet.java:1140: error: cannot find symbol
                return getString(R.string.GiftTelegramPremiumOrStarsTitle);
                                         ^
  symbol:   variable GiftTelegramPremiumOrStarsTitle
  location: class string
/home/kaminarich/Documents/telegram/TMessagesProj/src/main/java/org/telegram/ui/Components/Premium/boosts/UserSelectorBottomSheet.java:1142: error: cannot find symbol
        return getString(R.string.GiftTelegramPremiumTitle);
                                 ^
  symbol:   variable GiftTelegramPremiumTitle
  location: class string
/home/kaminarich/Documents/telegram/TMessagesProj/src/main/java/org/telegram/ui/ProxySettingsActivity.java:282: error: cannot find symbol
                typeCell[a].setText(LocaleController.getString(R.string.UseProxyTelegram), a == currentType, false);
                                                                       ^
  symbol:   variable UseProxyTelegram
  location: class string
/home/kaminarich/Documents/telegram/TMessagesProj/src/main/java/org/telegram/ui/ProxySettingsActivity.java:445: error: cannot find symbol
                bottomCells[i].setText(LocaleController.getString(R.string.UseProxyTelegramInfo) + "\n\n" + LocaleController.getString(R.string.UseProxyTelegramInfo2));
                                                                          ^
  symbol:   variable UseProxyTelegramInfo
  location: class string
Note: Some input files use or override a deprecated API.
Note: Recompile with -Xlint:deprecation for details.
Note: Some input files use unchecked or unsafe operations.
Note: Recompile with -Xlint:unchecked for details.
100 errors
only showing the first 100 errors, of 125 total; use -Xmaxerrs if you would like to see more

> Task :TMessagesProj:compileDebugJavaWithJavac FAILED

FAILURE: Build failed with an exception.

* What went wrong:
Execution failed for task ':TMessagesProj:compileDebugJavaWithJavac'.
> Compilation failed; see the compiler error output for details.

* Try:
> Run with --info option to get more log output.
> Run with --scan to get full insights.

Deprecated Gradle features were used in this build, making it incompatible with Gradle 9.0.

You can use '--warning-mode all' to show the individual deprecation warnings and determine if they come from your own scripts or plugins.

For more on this, please refer to https://docs.gradle.org/8.7/userguide/command_line_interface.html#sec:command_line_warnings in the Gradle documentation.

BUILD FAILED in 4m 9s
39 actionable tasks: 17 executed, 22 up-to-date
